// Vitest Snapshot v1, https://vitest.dev/guide/snapshot.html

exports[`Protected link badge — DOM snapshots (active/expired × 100%/200%) > active @ 100% — snapshot бейджа 1`] = `"<span role="status" tabindex="0" aria-label="Защищённая ссылка активна" class="inline-flex max-w-full shrink-0 items-center gap-1.5 whitespace-nowrap rounded-full border px-2 py-0.5 text-[12px] font-semibold leading-tight focus:outline-none focus-visible:ring-2 focus-visible:ring-ring focus-visible:ring-offset-2 focus-visible:ring-offset-background border-[hsl(158_70%_24%)] bg-[hsl(158_70%_24%)] text-white"><span aria-hidden="true" class="h-1.5 w-1.5 shrink-0 rounded-full bg-current"></span><span aria-hidden="true">активна</span></span>"`;

exports[`Protected link badge — DOM snapshots (active/expired × 100%/200%) > active @ 200% — snapshot бейджа (контейнер scale(2)) 1`] = `"<span role="status" tabindex="0" aria-label="Защищённая ссылка активна" class="inline-flex max-w-full shrink-0 items-center gap-1.5 whitespace-nowrap rounded-full border px-2 py-0.5 text-[12px] font-semibold leading-tight focus:outline-none focus-visible:ring-2 focus-visible:ring-ring focus-visible:ring-offset-2 focus-visible:ring-offset-background border-[hsl(158_70%_24%)] bg-[hsl(158_70%_24%)] text-white"><span aria-hidden="true" class="h-1.5 w-1.5 shrink-0 rounded-full bg-current"></span><span aria-hidden="true">активна</span></span>"`;

exports[`Protected link badge — DOM snapshots (active/expired × 100%/200%) > expired @ 100% — snapshot бейджа 1`] = `"<span role="status" tabindex="0" aria-label="Защищённая ссылка истекла" class="inline-flex max-w-full shrink-0 items-center gap-1.5 whitespace-nowrap rounded-full border px-2 py-0.5 text-[12px] font-semibold leading-tight focus:outline-none focus-visible:ring-2 focus-visible:ring-ring focus-visible:ring-offset-2 focus-visible:ring-offset-background border-[hsl(0_75%_36%)] bg-[hsl(0_75%_36%)] text-white"><span aria-hidden="true" class="h-1.5 w-1.5 shrink-0 rounded-full bg-current"></span><span aria-hidden="true">истекла</span></span>"`;

exports[`Protected link badge — DOM snapshots (active/expired × 100%/200%) > expired @ 200% — snapshot бейджа (контейнер scale(2)) 1`] = `"<span role="status" tabindex="0" aria-label="Защищённая ссылка истекла" class="inline-flex max-w-full shrink-0 items-center gap-1.5 whitespace-nowrap rounded-full border px-2 py-0.5 text-[12px] font-semibold leading-tight focus:outline-none focus-visible:ring-2 focus-visible:ring-ring focus-visible:ring-offset-2 focus-visible:ring-offset-background border-[hsl(0_75%_36%)] bg-[hsl(0_75%_36%)] text-white"><span aria-hidden="true" class="h-1.5 w-1.5 shrink-0 rounded-full bg-current"></span><span aria-hidden="true">истекла</span></span>"`;
