// Vitest Snapshot v1, https://vitest.dev/guide/snapshot.html

exports[`Protected link badge — DOM snapshots (active/expired × 100%/200%) > active @ 100% — snapshot бейджа 1`] = `"<span role="status" aria-live="polite" aria-atomic="true" tabindex="0" aria-label="Статус защищённой ссылки: активна, осталось 30 дн." class="inline-flex w-fit max-w-full shrink-0 flex-nowrap items-center gap-1.5 whitespace-nowrap break-keep rounded-full border px-2 py-0.5 align-middle text-[12px] font-semibold leading-none focus:outline-none focus-visible:ring-2 focus-visible:ring-ring focus-visible:ring-offset-2 focus-visible:ring-offset-background border-[hsl(158_70%_24%)] bg-[hsl(158_70%_24%)] text-white"><span aria-hidden="true" class="inline-block h-[0.5em] w-[0.5em] shrink-0 self-center rounded-full bg-current leading-none"></span><span aria-hidden="true" class="inline-block self-center whitespace-nowrap leading-none">активна</span></span>"`;

exports[`Protected link badge — DOM snapshots (active/expired × 100%/200%) > active @ 200% — snapshot бейджа (контейнер scale(2)) 1`] = `"<span role="status" aria-live="polite" aria-atomic="true" tabindex="0" aria-label="Статус защищённой ссылки: активна, осталось 30 дн." class="inline-flex w-fit max-w-full shrink-0 flex-nowrap items-center gap-1.5 whitespace-nowrap break-keep rounded-full border px-2 py-0.5 align-middle text-[12px] font-semibold leading-none focus:outline-none focus-visible:ring-2 focus-visible:ring-ring focus-visible:ring-offset-2 focus-visible:ring-offset-background border-[hsl(158_70%_24%)] bg-[hsl(158_70%_24%)] text-white"><span aria-hidden="true" class="inline-block h-[0.5em] w-[0.5em] shrink-0 self-center rounded-full bg-current leading-none"></span><span aria-hidden="true" class="inline-block self-center whitespace-nowrap leading-none">активна</span></span>"`;

exports[`Protected link badge — DOM snapshots (active/expired × 100%/200%) > expired @ 100% — snapshot бейджа 1`] = `"<span role="status" aria-live="polite" aria-atomic="true" tabindex="0" aria-label="Статус защищённой ссылки: истекла 32 дн. назад" class="inline-flex w-fit max-w-full shrink-0 flex-nowrap items-center gap-1.5 whitespace-nowrap break-keep rounded-full border px-2 py-0.5 align-middle text-[12px] font-semibold leading-none focus:outline-none focus-visible:ring-2 focus-visible:ring-ring focus-visible:ring-offset-2 focus-visible:ring-offset-background border-[hsl(0_75%_36%)] bg-[hsl(0_75%_36%)] text-white"><span aria-hidden="true" class="inline-block h-[0.5em] w-[0.5em] shrink-0 self-center rounded-full bg-current leading-none"></span><span aria-hidden="true" class="inline-block self-center whitespace-nowrap leading-none">истекла</span></span>"`;

exports[`Protected link badge — DOM snapshots (active/expired × 100%/200%) > expired @ 200% — snapshot бейджа (контейнер scale(2)) 1`] = `"<span role="status" aria-live="polite" aria-atomic="true" tabindex="0" aria-label="Статус защищённой ссылки: истекла 32 дн. назад" class="inline-flex w-fit max-w-full shrink-0 flex-nowrap items-center gap-1.5 whitespace-nowrap break-keep rounded-full border px-2 py-0.5 align-middle text-[12px] font-semibold leading-none focus:outline-none focus-visible:ring-2 focus-visible:ring-ring focus-visible:ring-offset-2 focus-visible:ring-offset-background border-[hsl(0_75%_36%)] bg-[hsl(0_75%_36%)] text-white"><span aria-hidden="true" class="inline-block h-[0.5em] w-[0.5em] shrink-0 self-center rounded-full bg-current leading-none"></span><span aria-hidden="true" class="inline-block self-center whitespace-nowrap leading-none">истекла</span></span>"`;
